// Vitest Snapshot v1, https://vitest.dev/guide/snapshot.html

exports[`ThinkingBlock > basic rendering > should match snapshot 1`] = `
.c0 .ant-collapse-header {
  padding: 0!important;
  color: red;
}

.c0 .ant-collapse-content-box {
  padding: 0 0 0 10px!important;
  border-left: 1px solid var(--color-border);
}

.c1 {
  position: relative;
}

.c1 .markdown {
  color: var(--color-text-3);
  font-size: 12px;
}

<div
  class="c0 message-thought-container"
  data-active-key="thought"
  data-size="small"
  data-testid="collapse-container"
>
  <div
    data-testid="collapse-item-thought"
  >
    <div
      data-testid="collapse-header-thought"
    >
      <div
        data-content="I need to think about this carefully..."
        data-expanded="true"
        data-is-thinking="false"
        data-testid="mock-marquee-component"
      >
        <div
          data-testid="thinking-time-text"
        >
          Thought for 5.0s
        </div>
      </div>
    </div>
    <div
      data-testid="collapse-content-thought"
    >
      <div
        class="c1"
        style="font-family: var(--font-family); font-size: 14px;"
      >
        <div
          data-block-id="test-thinking-block-1"
          data-testid="mock-markdown"
        >
          Markdown: 
          I need to think about this carefully...
        </div>
      </div>
    </div>
  </div>
</div>
`;
